[dotenv@17.3.1] injecting env (8) from .env -- tip: ≡ƒöÉ prevent building .env in docker: https://dotenvx.com/prebuild
API Key found: Yes (starts with AIza)
node : Test Failed:
At line:1 char:1
+ node test-gemini.js 
> test_output.txt 2>&1 
; type test_output.txt
+ ~~~~~~~~~~~~~~~~~~~~~
~~~~~~~~~~~~~~~~~~~~~
    + CategoryInfo     
         : NotSpecifi  
  ed: (Test Failed::   
 String) [], Remote    
Exception
    + FullyQualifiedEr 
   rorId : NativeComm  
  andError
 
Status: 404
Message: 
[GoogleGenerativeAI 
Error]: Error fetching 
from https://generative
language.googleapis.com
/v1beta/models/gemini-1
.5-flash:generateConten
t: [404 Not Found] mode
ls/gemini-1.5-flash is 
not found for API 
version v1beta, or is 
not supported for 
generateContent. Call 
ListModels to see the 
list of available 
models and their 
supported methods.
